C51 COMPILER V9.60.7.0   MAIN                                                              09/20/2026 13:27:26 PAGE 1   


C51 COMPILER V9.60.7.0, COMPILATION OF MODULE MAIN
OBJECT MODULE PLACED IN ..\OBJ\main.obj
COMPILER INVOKED BY: D:\Keil_v5\C51\BIN\C51.EXE main.c LARGE OMF2 OPTIMIZE(3,SIZE) BROWSE INCDIR(..\USER;..\FUNC_HANDLER
                    -;..\GUI_APP;..\HANDWARE\NOR_FLASH;..\HANDWARE\USART;..\T5LDriver) DEBUG PRINT(..\OBJ\main.lst) TABS(2) OBJECT(..\OBJ\mai
                    -n.obj)

line level    source

   1          #include "main.h"
   2          #include "string.h"
   3          
   4          
   5          
   6          /**************************************************
   7          void btn_click_callback(u16 addr,u16 val)
   8          **************************************************/
   9          SysDataDef xdata str_sys;
  10          
  11          void Init_Rtu_RegHoldingBuf(SysDataDef* dat)
  12          {
  13   1        memset(&str_sys,0,sizeof(str_sys));
  14   1      
  15   1        usRegHoldingBuf[ADDR_DOOR].dat = (u16 *)&dat->door;
  16   1        usRegHoldingBuf[ADDR_LOCK].dat = (u16 *)&dat->lock;
  17   1      
  18   1        usRegHoldingBuf[ADDR_SET_DC1].dat = (u16 *)&dat->set_dc1;
  19   1        usRegHoldingBuf[ADDR_SET_DC2].dat = (u16 *)&dat->set_dc2;
  20   1        usRegHoldingBuf[ADDR_SET_DC3].dat = (u16 *)&dat->set_dc3;
  21   1        
  22   1        usRegHoldingBuf[ADDR_SET_AC1].dat = (u16 *)&dat->set_ac1;
  23   1        usRegHoldingBuf[ADDR_SET_AC2].dat = (u16 *)&dat->set_ac2;
  24   1        usRegHoldingBuf[ADDR_SET_AC3].dat = (u16 *)&dat->set_ac3;
  25   1      
  26   1        usRegHoldingBuf[ADDR_SET_AC_RELAY].dat = (u16 *)&dat->set_acex;
  27   1        usRegHoldingBuf[ADDR_GET_ADC_PER].dat = (u16 *)&dat->adc_per;
  28   1      
  29   1        usRegHoldingBuf[ADDR_MOTOR_STATE].dat = (u16 *)&dat->motor_state;
  30   1        usRegHoldingBuf[ADDR_MOTOR_SENSOR1].dat = (u16 *)&dat->motor_sensor1;
  31   1        usRegHoldingBuf[ADDR_MOTOR_SENSOR2].dat = (u16 *)&dat->motor_sensor2;
  32   1        usRegHoldingBuf[ADDR_MOTOR_FLAG].dat = (u16 *)&dat->motor_flag;
  33   1      }
  34          
  35          void main(void)
  36          {
  37   1        sys_init();
  38   1        Init_Rtu_RegHoldingBuf(&str_sys);
  39   1        rtu_data_init();
  40   1        win_init();
  41   1        btn_init();
  42   1        T5L_HMIslvInit(); 
  43   1        EA=1;
  44   1        Task_Manage_List_Init( );
  45   1        while(1)
  46   1        {
  47   2                    
  48   2          Execute_Task_List_RUN();
  49   2          T5L_HMIslvSub();
  50   2        }
  51   1      
  52   1      }
  53          
C51 COMPILER V9.60.7.0   MAIN                                                              09/20/2026 13:27:26 PAGE 2   

  54          


MODULE INFORMATION:   STATIC OVERLAYABLE
   CODE SIZE        =    319    ----
   CONSTANT SIZE    =   ----    ----
   XDATA SIZE       =     30       3
   PDATA SIZE       =   ----    ----
   DATA SIZE        =   ----    ----
   IDATA SIZE       =   ----    ----
   BIT SIZE         =   ----    ----
   EDATA SIZE       =   ----    ----
   HDATA SIZE       =   ----    ----
   XDATA CONST SIZE =   ----    ----
   FAR CONST SIZE   =   ----    ----
END OF MODULE INFORMATION.


C51 COMPILATION COMPLETE.  0 WARNING(S),  0 ERROR(S)
